// Jest Snapshot v1, https://goo.gl/fbAQLP

exports[`Home should render Home component 1`] = `
<div>
  <section
    class="sectionstyled-sc-1ae8sz4-0 cXxQmw"
  >
    <div
      class="containerstyled-sc-1yi0ay3-0 ksPUcq"
    >
      <h1>
        home
      </h1>
    </div>
  </section>
</div>
`;
